Batch folder: /home/lab/ai-lab/project/agentscope/runs/gne_c3-granite3.3-8b-probe-real-20260929T160001492588Z
[1/30] ep-000-L3_alt-none-probe
    -> {"probe_valid": true, "ratings": {"competence": 6, "authority": 7, "trust": 6}}
[2/30] ep-001-L3-none-probe | elapsed 0 min, ETA 7 min
    -> {"probe_valid": true, "ratings": {"competence": 6, "authority": 7, "trust": 7}}
[3/30] ep-002-L0-none-probe | elapsed 1 min, ETA 14 min
    -> {"probe_valid": true, "ratings": {"competence": 7, "authority": 7, "trust": 7}}
[4/30] ep-003-L3-none-probe | elapsed 1 min, ETA 13 min
    -> {"probe_valid": true, "ratings": {"competence": 6, "authority": 7, "trust": 6}}
[5/30] ep-004-L0-none-probe | elapsed 1 min, ETA 12 min
    -> {"probe_valid": true, "ratings": {"competence": 6, "authority": 7, "trust": 7}}
[6/30] ep-005-L3_alt-none-probe | elapsed 2 min, ETA 11 min
    -> {"probe_valid": true, "ratings": {"competence": 6, "authority": 7, "trust": 7}}
[7/30] ep-006-L3-none-probe | elapsed 2 min, ETA 11 min
    -> {"probe_valid": true, "ratings": {"competence": 6, "authority": 7, "trust": 6}}
[8/30] ep-007-L3_alt-none-probe | elapsed 3 min, ETA 10 min
    -> {"probe_valid": true, "ratings": {"competence": 6, "authority": 7, "trust": 6}}
[9/30] ep-008-L0-none-probe | elapsed 3 min, ETA 9 min
    -> {"probe_valid": true, "ratings": {"competence": 7, "authority": 7, "trust": 7}}
[10/30] ep-009-L3_alt-none-probe | elapsed 3 min, ETA 9 min
    -> {"probe_valid": true, "ratings": {"competence": 7, "authority": 7, "trust": 6}}
[11/30] ep-010-L0-none-probe | elapsed 4 min, ETA 8 min
    -> {"probe_valid": true, "ratings": {"competence": 7, "authority": 7, "trust": 7}}
[12/30] ep-011-L3-none-probe | elapsed 4 min, ETA 8 min
    -> {"probe_valid": true, "ratings": {"competence": 6, "authority": 7, "trust": 7}}
[13/30] ep-012-L3_alt-none-probe | elapsed 5 min, ETA 8 min
    -> {"probe_valid": true, "ratings": {"competence": 7, "authority": 7, "trust": 6}}
[14/30] ep-013-L3-none-probe | elapsed 6 min, ETA 7 min
    -> {"probe_valid": true, "ratings": {"competence": 6, "authority": 7, "trust": 7}}
[15/30] ep-014-L0-none-probe | elapsed 6 min, ETA 7 min
    -> {"probe_valid": true, "ratings": {"competence": 6, "authority": 7, "trust": 7}}
[16/30] ep-015-L0-none-probe | elapsed 6 min, ETA 6 min
    -> {"probe_valid": true, "ratings": {"competence": 7, "authority": 7, "trust": 7}}
[17/30] ep-016-L3-none-probe | elapsed 6 min, ETA 5 min
    -> {"probe_valid": true, "ratings": {"competence": 6, "authority": 7, "trust": 6}}
[18/30] ep-017-L3_alt-none-probe | elapsed 7 min, ETA 5 min
    -> {"probe_valid": true, "ratings": {"competence": 7, "authority": 7, "trust": 6}}
[19/30] ep-018-L0-none-probe | elapsed 7 min, ETA 5 min
    -> {"probe_valid": true, "ratings": {"competence": 7, "authority": 7, "trust": 7}}
[20/30] ep-019-L3_alt-none-probe | elapsed 7 min, ETA 4 min
    -> {"probe_valid": true, "ratings": {"competence": 6, "authority": 7, "trust": 6}}
[21/30] ep-020-L3-none-probe | elapsed 8 min, ETA 4 min
    -> {"probe_valid": true, "ratings": {"competence": 6, "authority": 7, "trust": 6}}
[22/30] ep-021-L0-none-probe | elapsed 8 min, ETA 3 min
    -> {"probe_valid": true, "ratings": {"competence": 7, "authority": 7, "trust": 7}}
[23/30] ep-022-L3-none-probe | elapsed 9 min, ETA 3 min
    -> {"probe_valid": true, "ratings": {"competence": 6, "authority": 7, "trust": 7}}
[24/30] ep-023-L3_alt-none-probe | elapsed 9 min, ETA 2 min
    -> {"probe_valid": true, "ratings": {"competence": 6, "authority": 7, "trust": 5}}
[25/30] ep-024-L3_alt-none-probe | elapsed 10 min, ETA 2 min
    -> {"probe_valid": true, "ratings": {"competence": 6, "authority": 7, "trust": 7}}
[26/30] ep-025-L0-none-probe | elapsed 10 min, ETA 2 min
    -> {"probe_valid": true, "ratings": {"competence": 7, "authority": 7, "trust": 7}}
[27/30] ep-026-L3-none-probe | elapsed 10 min, ETA 1 min
    -> {"probe_valid": true, "ratings": {"competence": 5, "authority": 7, "trust": 6}}
[28/30] ep-027-L3_alt-none-probe | elapsed 11 min, ETA 1 min
    -> {"probe_valid": true, "ratings": {"competence": 6, "authority": 7, "trust": 7}}
[29/30] ep-028-L3-none-probe | elapsed 11 min, ETA 0 min
    -> {"probe_valid": true, "ratings": {"competence": 7, "authority": 7, "trust": 7}}
[30/30] ep-029-L0-none-probe | elapsed 12 min, ETA 0 min
    -> {"probe_valid": true, "ratings": {"competence": 7, "authority": 7, "trust": 7}}
Batch complete. Analyse with: bash gne_c3/c3.sh analyze
PROBE GATE granite3.3:8b: FAIL (valid {'L0': 10, 'L3': 10}, competence L0 - L3 +0.80)
