Batch folder: /home/lab/ai-lab/project/agentscope/runs/gne_c4-command-r7b-followup-real-20260930T190633392348Z
[1/90] ep-000-L3-none-probe
    -> {"probe_valid": true, "ratings": {"competence": 6, "authority": 7, "trust": 6}}
[2/90] ep-001-L3_alt-none-probe | elapsed 0 min, ETA 12 min
    -> {"probe_valid": true, "ratings": {"competence": 6, "authority": 7, "trust": 7}}
[3/90] ep-002-L0-none-probe | elapsed 0 min, ETA 27 min
    -> {"probe_valid": true, "ratings": {"competence": 6, "authority": 7, "trust": 7}}
[4/90] ep-003-L3_alt-none-probe | elapsed 1 min, ETA 30 min
    -> {"probe_valid": true, "ratings": {"competence": 6, "authority": 5, "trust": 6}}
[5/90] ep-004-L3-none-probe | elapsed 1 min, ETA 32 min
    -> {"probe_valid": true, "ratings": {"competence": 5, "authority": 6, "trust": 7}}
[6/90] ep-005-L0-none-probe | elapsed 2 min, ETA 34 min
    -> {"probe_valid": true, "ratings": {"competence": 6, "authority": 7, "trust": 7}}
[7/90] ep-006-L0-none-probe | elapsed 2 min, ETA 34 min
    -> {"probe_valid": true, "ratings": {"competence": 5, "authority": 7, "trust": 7}}
[8/90] ep-007-L3-none-probe | elapsed 2 min, ETA 29 min
    -> {"probe_valid": true, "ratings": {"competence": 5, "authority": 7, "trust": 7}}
[9/90] ep-008-L3_alt-none-probe | elapsed 2 min, ETA 30 min
    -> {"probe_valid": true, "ratings": {"competence": 5, "authority": 7, "trust": 7}}
[10/90] ep-009-L0-none-probe | elapsed 3 min, ETA 30 min
    -> {"probe_valid": true, "ratings": {"competence": 7, "authority": 7, "trust": 7}}
[11/90] ep-010-L3_alt-none-probe | elapsed 3 min, ETA 30 min
    -> {"probe_valid": true, "ratings": {"competence": 5, "authority": 6, "trust": 7}}
[12/90] ep-011-L3-none-probe | elapsed 4 min, ETA 31 min
    -> {"probe_valid": true, "ratings": {"competence": 6, "authority": 7, "trust": 7}}
[13/90] ep-012-L3-none-probe | elapsed 4 min, ETA 31 min
    -> {"probe_valid": true, "ratings": {"competence": 6, "authority": 7, "trust": 7}}
[14/90] ep-013-L3_alt-none-probe | elapsed 4 min, ETA 28 min
    -> {"probe_valid": true, "ratings": {"competence": 6, "authority": 7, "trust": 7}}
[15/90] ep-014-L0-none-probe | elapsed 5 min, ETA 29 min
    -> {"probe_valid": true, "ratings": {"competence": 6, "authority": 4, "trust": 7}}
[16/90] ep-015-L3-none-probe | elapsed 14 min, ETA 71 min
    -> {"probe_valid": true, "ratings": {"competence": 5, "authority": 7, "trust": 7}}
[17/90] ep-016-L0-none-probe | elapsed 14 min, ETA 68 min
    -> {"probe_valid": true, "ratings": {"competence": 5, "authority": 7, "trust": 5}}
[18/90] ep-017-L3_alt-none-probe | elapsed 15 min, ETA 65 min
    -> {"probe_valid": true, "ratings": {"competence": 5, "authority": 4, "trust": 7}}
[19/90] ep-018-L0-none-probe | elapsed 15 min, ETA 62 min
    -> {"probe_valid": true, "ratings": {"competence": 5, "authority": 6, "trust": 7}}
[20/90] ep-019-L3_alt-none-probe | elapsed 16 min, ETA 60 min
    -> {"probe_valid": true, "ratings": {"competence": 5, "authority": 6, "trust": 7}}
[21/90] ep-020-L3-none-probe | elapsed 16 min, ETA 58 min
    -> {"probe_valid": true, "ratings": {"competence": 5, "authority": 6, "trust": 7}}
[22/90] ep-021-L0-none-probe | elapsed 17 min, ETA 56 min
    -> {"probe_valid": true, "ratings": {"competence": 5, "authority": 6, "trust": 7}}
[23/90] ep-022-L3-none-probe | elapsed 17 min, ETA 54 min
    -> {"probe_valid": true, "ratings": {"competence": 6, "authority": 7, "trust": 5}}
[24/90] ep-023-L3_alt-none-probe | elapsed 17 min, ETA 52 min
    -> {"probe_valid": true, "ratings": {"competence": 5, "authority": 6, "trust": 7}}
[25/90] ep-024-L3-none-probe | elapsed 18 min, ETA 50 min
    -> {"probe_valid": true, "ratings": {"competence": 5, "authority": 7, "trust": 7}}
[26/90] ep-025-L0-none-probe | elapsed 22 min, ETA 59 min
    -> {"probe_valid": true, "ratings": {"competence": 5, "authority": 7, "trust": 7}}
[27/90] ep-026-L3_alt-none-probe | elapsed 23 min, ETA 57 min
    -> {"probe_valid": true, "ratings": {"competence": 5, "authority": 6, "trust": 7}}
[28/90] ep-027-L3_alt-none-probe | elapsed 24 min, ETA 58 min
    -> {"probe_valid": true, "ratings": {"competence": 5, "authority": 7, "trust": 7}}
[29/90] ep-028-L0-none-probe | elapsed 24 min, ETA 55 min
    -> {"probe_valid": true, "ratings": {"competence": 5, "authority": 7, "trust": 7}}
[30/90] ep-029-L3-none-probe | elapsed 28 min, ETA 60 min
    -> {"probe_valid": true, "ratings": {"competence": 6, "authority": 7, "trust": 7}}
[31/90] ep-030-L3_alt-none-probe | elapsed 29 min, ETA 59 min
    -> {"probe_valid": true, "ratings": {"competence": 5, "authority": 6, "trust": 7}}
[32/90] ep-031-L3-none-probe | elapsed 30 min, ETA 57 min
    -> {"probe_valid": true, "ratings": {"competence": 6, "authority": 7, "trust": 5}}
[33/90] ep-032-L0-none-probe | elapsed 30 min, ETA 55 min
    -> {"probe_valid": true, "ratings": {"competence": 5, "authority": 6, "trust": 7}}
[34/90] ep-033-L0-none-probe | elapsed 30 min, ETA 53 min
    -> {"probe_valid": true, "ratings": {"competence": 6, "authority": 7, "trust": 7}}
[35/90] ep-034-L3_alt-none-probe | elapsed 31 min, ETA 51 min
    -> {"probe_valid": true, "ratings": {"competence": 4, "authority": 7, "trust": 7}}
[36/90] ep-035-L3-none-probe | elapsed 31 min, ETA 49 min
    -> {"probe_valid": true, "ratings": {"competence": 7, "authority": 7, "trust": 7}}
[37/90] ep-036-L3-none-probe | elapsed 32 min, ETA 48 min
    -> {"probe_valid": true, "ratings": {"competence": 7, "authority": 7, "trust": 7}}
[38/90] ep-037-L0-none-probe | elapsed 32 min, ETA 46 min
    -> {"probe_valid": true, "ratings": {"competence": 6, "authority": 7, "trust": 7}}
[39/90] ep-038-L3_alt-none-probe | elapsed 32 min, ETA 44 min
    -> {"probe_valid": true, "ratings": {"competence": 6, "authority": 7, "trust": 6}}
[40/90] ep-039-L3-none-probe | elapsed 33 min, ETA 43 min
    -> {"probe_valid": true, "ratings": {"competence": 5, "authority": 7, "trust": 6}}
[41/90] ep-040-L3_alt-none-probe | elapsed 33 min, ETA 42 min
    -> {"probe_valid": true, "ratings": {"competence": 5, "authority": 7, "trust": 7}}
[42/90] ep-041-L0-none-probe | elapsed 34 min, ETA 41 min
    -> {"probe_valid": true, "ratings": {"competence": 6, "authority": 5, "trust": 7}}
[43/90] ep-042-L3-none-probe | elapsed 35 min, ETA 40 min
    -> {"probe_valid": true, "ratings": {"competence": 5, "authority": 7, "trust": 7}}
[44/90] ep-043-L0-none-probe | elapsed 35 min, ETA 39 min
    -> {"probe_valid": true, "ratings": {"competence": 5, "authority": 7, "trust": 7}}
[45/90] ep-044-L3_alt-none-probe | elapsed 36 min, ETA 38 min
    -> {"probe_valid": true, "ratings": {"competence": 5, "authority": 3, "trust": 6}}
[46/90] ep-045-L3-none-probe | elapsed 37 min, ETA 37 min
    -> {"probe_valid": true, "ratings": {"competence": 7, "authority": 7, "trust": 7}}
[47/90] ep-046-L0-none-probe | elapsed 37 min, ETA 36 min
    -> {"probe_valid": true, "ratings": {"competence": 5, "authority": 7, "trust": 6}}
[48/90] ep-047-L3_alt-none-probe | elapsed 38 min, ETA 35 min
    -> {"probe_valid": true, "ratings": {"competence": 5, "authority": 6, "trust": 7}}
[49/90] ep-048-L3_alt-none-probe | elapsed 38 min, ETA 33 min
    -> {"probe_valid": true, "ratings": {"competence": 5, "authority": 5, "trust": 6}}
[50/90] ep-049-L3-none-probe | elapsed 38 min, ETA 32 min
    -> {"probe_valid": true, "ratings": {"competence": 6, "authority": 7, "trust": 7}}
[51/90] ep-050-L0-none-probe | elapsed 39 min, ETA 31 min
    -> {"probe_valid": true, "ratings": {"competence": 6, "authority": 7, "trust": 7}}
[52/90] ep-051-L3_alt-none-probe | elapsed 40 min, ETA 30 min
    -> {"probe_valid": true, "ratings": {"competence": 5, "authority": 6, "trust": 7}}
[53/90] ep-052-L3-none-probe | elapsed 40 min, ETA 29 min
    -> {"probe_valid": true, "ratings": {"competence": 5, "authority": 5, "trust": 5}}
[54/90] ep-053-L0-none-probe | elapsed 41 min, ETA 29 min
    -> {"probe_valid": true, "ratings": {"competence": 6, "authority": 7, "trust": 7}}
[55/90] ep-054-L0-none-probe | elapsed 42 min, ETA 28 min
    -> {"probe_valid": true, "ratings": {"competence": 6, "authority": 5, "trust": 5}}
[56/90] ep-055-L3_alt-none-probe | elapsed 42 min, ETA 26 min
    -> {"probe_valid": true, "ratings": {"competence": 5, "authority": 3, "trust": 5}}
[57/90] ep-056-L3-none-probe | elapsed 43 min, ETA 26 min
    -> {"probe_valid": true, "ratings": {"competence": 6, "authority": 7, "trust": 7}}
[58/90] ep-057-L0-none-probe | elapsed 43 min, ETA 25 min
    -> {"probe_valid": true, "ratings": {"competence": 5, "authority": 7, "trust": 7}}
[59/90] ep-058-L3_alt-none-probe | elapsed 44 min, ETA 24 min
    -> {"probe_valid": true, "ratings": {"competence": 6, "authority": 7, "trust": 7}}
[60/90] ep-059-L3-none-probe | elapsed 45 min, ETA 23 min
    -> {"probe_valid": true, "ratings": {"competence": 7, "authority": 7, "trust": 7}}
[61/90] ep-060-L3-none-probe | elapsed 45 min, ETA 22 min
    -> {"probe_valid": true, "ratings": {"competence": 5, "authority": 7, "trust": 7}}
[62/90] ep-061-L0-none-probe | elapsed 45 min, ETA 21 min
    -> {"probe_valid": true, "ratings": {"competence": 7, "authority": 7, "trust": 7}}
[63/90] ep-062-L3_alt-none-probe | elapsed 46 min, ETA 20 min
    -> {"probe_valid": true, "ratings": {"competence": 6, "authority": 7, "trust": 7}}
[64/90] ep-063-L3_alt-none-probe | elapsed 47 min, ETA 20 min
    -> {"probe_valid": true, "ratings": {"competence": 5, "authority": 7, "trust": 6}}
[65/90] ep-064-L3-none-probe | elapsed 47 min, ETA 19 min
    -> {"probe_valid": true, "ratings": {"competence": 5, "authority": 7, "trust": 7}}
[66/90] ep-065-L0-none-probe | elapsed 47 min, ETA 18 min
    -> {"probe_valid": true, "ratings": {"competence": 5, "authority": 4, "trust": 6}}
[67/90] ep-066-L3-none-probe | elapsed 48 min, ETA 17 min
    -> {"probe_valid": true, "ratings": {"competence": 5, "authority": 4, "trust": 5}}
[68/90] ep-067-L0-none-probe | elapsed 49 min, ETA 16 min
    -> {"probe_valid": true, "ratings": {"competence": 5, "authority": 6, "trust": 7}}
[69/90] ep-068-L3_alt-none-probe | elapsed 49 min, ETA 16 min
    -> {"probe_valid": true, "ratings": {"competence": 5, "authority": 7, "trust": 6}}
[70/90] ep-069-L3_alt-none-probe | elapsed 50 min, ETA 15 min
    -> {"probe_valid": true, "ratings": {"competence": 5, "authority": 7, "trust": 6}}
[71/90] ep-070-L0-none-probe | elapsed 50 min, ETA 14 min
    -> {"probe_valid": true, "ratings": {"competence": 6, "authority": 7, "trust": 7}}
[72/90] ep-071-L3-none-probe | elapsed 51 min, ETA 13 min
    -> {"probe_valid": true, "ratings": {"competence": 5, "authority": 7, "trust": 7}}
[73/90] ep-072-L0-none-probe | elapsed 52 min, ETA 13 min
    -> {"probe_valid": true, "ratings": {"competence": 6, "authority": 5, "trust": 7}}
[74/90] ep-073-L3_alt-none-probe | elapsed 52 min, ETA 12 min
    -> {"probe_valid": true, "ratings": {"competence": 6, "authority": 7, "trust": 7}}
[75/90] ep-074-L3-none-probe | elapsed 53 min, ETA 11 min
    -> {"probe_valid": true, "ratings": {"competence": 5, "authority": 6, "trust": 6}}
[76/90] ep-075-L0-none-probe | elapsed 54 min, ETA 10 min
    -> {"probe_valid": true, "ratings": {"competence": 5, "authority": 3, "trust": 4}}
[77/90] ep-076-L3_alt-none-probe | elapsed 54 min, ETA 10 min
    -> {"probe_valid": true, "ratings": {"competence": 6, "authority": 7, "trust": 5}}
[78/90] ep-077-L3-none-probe | elapsed 55 min, ETA 9 min
    -> {"probe_valid": true, "ratings": {"competence": 6, "authority": 7, "trust": 6}}
[79/90] ep-078-L3_alt-none-probe | elapsed 55 min, ETA 8 min
    -> {"probe_valid": true, "ratings": {"competence": 5, "authority": 7, "trust": 7}}
[80/90] ep-079-L3-none-probe | elapsed 56 min, ETA 7 min
    -> {"probe_valid": true, "ratings": {"competence": 5, "authority": 4, "trust": 6}}
[81/90] ep-080-L0-none-probe | elapsed 57 min, ETA 7 min
    -> {"probe_valid": true, "ratings": {"competence": 7, "authority": 7, "trust": 7}}
[82/90] ep-081-L0-none-probe | elapsed 57 min, ETA 6 min
    -> {"probe_valid": true, "ratings": {"competence": 6, "authority": 5, "trust": 7}}
[83/90] ep-082-L3_alt-none-probe | elapsed 57 min, ETA 5 min
    -> {"probe_valid": true, "ratings": {"competence": 5, "authority": 6, "trust": 7}}
[84/90] ep-083-L3-none-probe | elapsed 58 min, ETA 4 min
    -> {"probe_valid": true, "ratings": {"competence": 6, "authority": 4, "trust": 5}}
[85/90] ep-084-L0-none-probe | elapsed 58 min, ETA 4 min
    -> {"probe_valid": true, "ratings": {"competence": 6, "authority": 7, "trust": 7}}
[86/90] ep-085-L3_alt-none-probe | elapsed 59 min, ETA 3 min
    -> {"probe_valid": true, "ratings": {"competence": 5, "authority": 7, "trust": 6}}
[87/90] ep-086-L3-none-probe | elapsed 60 min, ETA 2 min
    -> {"probe_valid": true, "ratings": {"competence": 6, "authority": 7, "trust": 7}}
[88/90] ep-087-L0-none-probe | elapsed 61 min, ETA 2 min
    -> {"probe_valid": true, "ratings": {"competence": 6, "authority": 7, "trust": 7}}
[89/90] ep-088-L3-none-probe | elapsed 61 min, ETA 1 min
    -> {"probe_valid": true, "ratings": {"competence": 7, "authority": 7, "trust": 7}}
[90/90] ep-089-L3_alt-none-probe | elapsed 62 min, ETA 0 min
    -> {"probe_valid": true, "ratings": {"competence": 5, "authority": 7, "trust": 6}}
Batch complete. Analyse with: bash gne_c4/c4.sh analyze
