Batch folder: /home/lab/ai-lab/project/agentscope/runs/gne_c4-command-r7b-probe-real-20260930T185304806833Z
[1/30] ep-000-L3-none-probe
    -> {"probe_valid": true, "ratings": {"competence": 6, "authority": 7, "trust": 6}}
[2/30] ep-001-L3_alt-none-probe | elapsed 0 min, ETA 18 min
    -> {"probe_valid": true, "ratings": {"competence": 6, "authority": 7, "trust": 7}}
[3/30] ep-002-L0-none-probe | elapsed 1 min, ETA 16 min
    -> {"probe_valid": true, "ratings": {"competence": 7, "authority": 7, "trust": 7}}
[4/30] ep-003-L3_alt-none-probe | elapsed 1 min, ETA 14 min
    -> {"probe_valid": true, "ratings": {"competence": 6, "authority": 5, "trust": 6}}
[5/30] ep-004-L3-none-probe | elapsed 2 min, ETA 14 min
    -> {"probe_valid": true, "ratings": {"competence": 5, "authority": 6, "trust": 7}}
[6/30] ep-005-L0-none-probe | elapsed 2 min, ETA 13 min
    -> {"probe_valid": true, "ratings": {"competence": 6, "authority": 7, "trust": 7}}
[7/30] ep-006-L0-none-probe | elapsed 3 min, ETA 12 min
    -> {"probe_valid": true, "ratings": {"competence": 5, "authority": 7, "trust": 7}}
[8/30] ep-007-L3-none-probe | elapsed 3 min, ETA 10 min
    -> {"probe_valid": true, "ratings": {"competence": 5, "authority": 7, "trust": 7}}
[9/30] ep-008-L3_alt-none-probe | elapsed 3 min, ETA 10 min
    -> {"probe_valid": true, "ratings": {"competence": 5, "authority": 7, "trust": 7}}
[10/30] ep-009-L0-none-probe | elapsed 4 min, ETA 9 min
    -> {"probe_valid": true, "ratings": {"competence": 7, "authority": 7, "trust": 7}}
[11/30] ep-010-L3_alt-none-probe | elapsed 4 min, ETA 9 min
    -> {"probe_valid": true, "ratings": {"competence": 5, "authority": 6, "trust": 7}}
[12/30] ep-011-L3-none-probe | elapsed 5 min, ETA 9 min
    -> {"probe_valid": true, "ratings": {"competence": 6, "authority": 7, "trust": 7}}
[13/30] ep-012-L3-none-probe | elapsed 5 min, ETA 8 min
    -> {"probe_valid": true, "ratings": {"competence": 6, "authority": 7, "trust": 7}}
[14/30] ep-013-L3_alt-none-probe | elapsed 6 min, ETA 7 min
    -> {"probe_valid": true, "ratings": {"competence": 5, "authority": 7, "trust": 7}}
[15/30] ep-014-L0-none-probe | elapsed 6 min, ETA 7 min
    -> {"probe_valid": true, "ratings": {"competence": 6, "authority": 4, "trust": 7}}
[16/30] ep-015-L3-none-probe | elapsed 6 min, ETA 6 min
    -> {"probe_valid": true, "ratings": {"competence": 5, "authority": 7, "trust": 7}}
[17/30] ep-016-L0-none-probe | elapsed 7 min, ETA 6 min
    -> {"probe_valid": true, "ratings": {"competence": 5, "authority": 6, "trust": 5}}
[18/30] ep-017-L3_alt-none-probe | elapsed 7 min, ETA 6 min
    -> {"probe_valid": true, "ratings": {"competence": 5, "authority": 6, "trust": 6}}
[19/30] ep-018-L0-none-probe | elapsed 8 min, ETA 5 min
    -> {"probe_valid": true, "ratings": {"competence": 6, "authority": 7, "trust": 7}}
[20/30] ep-019-L3_alt-none-probe | elapsed 8 min, ETA 5 min
    -> {"probe_valid": true, "ratings": {"competence": 5, "authority": 6, "trust": 7}}
[21/30] ep-020-L3-none-probe | elapsed 9 min, ETA 4 min
    -> {"probe_valid": true, "ratings": {"competence": 5, "authority": 6, "trust": 7}}
[22/30] ep-021-L0-none-probe | elapsed 9 min, ETA 4 min
    -> {"probe_valid": true, "ratings": {"competence": 5, "authority": 6, "trust": 7}}
[23/30] ep-022-L3-none-probe | elapsed 10 min, ETA 3 min
    -> {"probe_valid": true, "ratings": {"competence": 6, "authority": 7, "trust": 5}}
[24/30] ep-023-L3_alt-none-probe | elapsed 10 min, ETA 3 min
    -> {"probe_valid": true, "ratings": {"competence": 5, "authority": 6, "trust": 7}}
[25/30] ep-024-L3-none-probe | elapsed 11 min, ETA 2 min
    -> {"probe_valid": true, "ratings": {"competence": 5, "authority": 7, "trust": 7}}
[26/30] ep-025-L0-none-probe | elapsed 11 min, ETA 2 min
    -> {"probe_valid": true, "ratings": {"competence": 5, "authority": 7, "trust": 7}}
[27/30] ep-026-L3_alt-none-probe | elapsed 12 min, ETA 1 min
    -> {"probe_valid": true, "ratings": {"competence": 5, "authority": 6, "trust": 7}}
[28/30] ep-027-L3_alt-none-probe | elapsed 12 min, ETA 1 min
    -> {"probe_valid": true, "ratings": {"competence": 5, "authority": 7, "trust": 7}}
[29/30] ep-028-L0-none-probe | elapsed 12 min, ETA 0 min
    -> {"probe_valid": true, "ratings": {"competence": 5, "authority": 7, "trust": 7}}
[30/30] ep-029-L3-none-probe | elapsed 13 min, ETA 0 min
    -> {"probe_valid": true, "ratings": {"competence": 6, "authority": 7, "trust": 7}}
Batch complete. Analyse with: bash gne_c4/c4.sh analyze
